-----BEGIN PRIVACY-ENHANCED MESSAGE-----
Proc-Type: 2001,ENCRYPTED
DEK-Info: DES-CBC,951591A47BE1797E
Originator-Name: test4
Originator-Key-Asymmetric:
 MIGbMAoGBFUIAQECAgP/A4GMADCBiAKBgGfFnTYplujGSNRMMO/4M75+4UuPbCy3
 NTNl6fGG1CTa5dY9bMr9pXK3Ah+vMKHv/pxDeM0xdpsFYVSPv0eX51J4TlqPFyRC
 H/VlK5RmP5HGF29dQJkep9GqRMnZxop4EAZ/2CGBnx6wUwhJJ6dmWbJmjhZV0uCT
 Qs6omY+8HHm9AgMBAAF=
MIC-Info: RSA-MD5,RSA,
 uB+If+Z8we2DyyGN7j6Xc45gaqtEbYxkr3IgMnUbOKlpc6z6azy2Ilzi2dDfuPea
 Sf+P17SKIhqK9vMYMK76/au4JyBodhgKmts8+cQn4GTiJJ3835/ejk2Ef63nzdvw
 zJ/Eq4CIBaJsymQrMI72ysMtnRQvH+7Lq7GN1nhenh4HXnTKMU/W2g==
Recipient-Name: test4
Key-Info: RSA,
 YDjDBYjB3li+e3nVgQKgllrRYZhW1wo6fSa26iinSQo5+bUK5CBLUOgW1UsNfnvh
 ddx/CPKKXsPGqofvut6RUrTdmGMsPQu/+3PIiMCA5puO1/x+MPeFPONp0cqmoAew
 IUruOjf0YzmOsaDvM029hRc3sP4Q6m1nFL+zHCS+Jn8=

zhURjalzgvjFlYsEc3pvfanPtHbJ6dDJbyiBuJO12A84KZErr3uTVw+DSsBRjx6c
-----END PRIVACY-ENHANCED MESSAGE-----
